// Jest Snapshot v1, https://goo.gl/fbAQLP

exports[`Game renders without crashing 1`] = `
ShallowWrapper {
  "length": 1,
  Symbol(enzyme.__root__): [Circular],
  Symbol(enzyme.__unrendered__): <Game
    loadingState="READY"
/>,
  Symbol(enzyme.__renderer__): Object {
    "batchedUpdates": [Function],
    "getNode": [Function],
    "render": [Function],
    "simulateEvent": [Function],
    "unmount": [Function],
  },
  Symbol(enzyme.__node__): Object {
    "instance": null,
    "key": undefined,
    "nodeType": "host",
    "props": Object {
      "children": Array [
        false,
        false,
        <div>
          <Button
                    active={false}
                    block={true}
                    bsClass="btn"
                    bsSize="large"
                    bsStyle="default"
                    disabled={false}
                    onClick={undefined}
          >
                    Start
          </Button>
</div>,
        <a
          href="http://www.passion4teq.com/articles/der-die-das-genus-regeln/"
          rel="noopener noreferrer"
          target="_blank"
>
          Der die das article rules
</a>,
      ],
      "className": "game",
    },
    "ref": null,
    "rendered": Array [
      false,
      false,
      Object {
        "instance": null,
        "key": undefined,
        "nodeType": "host",
        "props": Object {
          "children": <Button
            active={false}
            block={true}
            bsClass="btn"
            bsSize="large"
            bsStyle="default"
            disabled={false}
            onClick={undefined}
>
            Start
</Button>,
        },
        "ref": null,
        "rendered": Object {
          "instance": null,
          "key": undefined,
          "nodeType": "class",
          "props": Object {
            "active": false,
            "block": true,
            "bsClass": "btn",
            "bsSize": "large",
            "bsStyle": "default",
            "children": "Start",
            "disabled": false,
            "onClick": undefined,
          },
          "ref": null,
          "rendered": "Start",
          "type": [Function],
        },
        "type": "div",
      },
      Object {
        "instance": null,
        "key": undefined,
        "nodeType": "host",
        "props": Object {
          "children": "Der die das article rules",
          "href": "http://www.passion4teq.com/articles/der-die-das-genus-regeln/",
          "rel": "noopener noreferrer",
          "target": "_blank",
        },
        "ref": null,
        "rendered": "Der die das article rules",
        "type": "a",
      },
    ],
    "type": "div",
  },
  Symbol(enzyme.__nodes__): Array [
    Object {
      "instance": null,
      "key": undefined,
      "nodeType": "host",
      "props": Object {
        "children": Array [
          false,
          false,
          <div>
            <Button
                        active={false}
                        block={true}
                        bsClass="btn"
                        bsSize="large"
                        bsStyle="default"
                        disabled={false}
                        onClick={undefined}
            >
                        Start
            </Button>
</div>,
          <a
            href="http://www.passion4teq.com/articles/der-die-das-genus-regeln/"
            rel="noopener noreferrer"
            target="_blank"
>
            Der die das article rules
</a>,
        ],
        "className": "game",
      },
      "ref": null,
      "rendered": Array [
        false,
        false,
        Object {
          "instance": null,
          "key": undefined,
          "nodeType": "host",
          "props": Object {
            "children": <Button
              active={false}
              block={true}
              bsClass="btn"
              bsSize="large"
              bsStyle="default"
              disabled={false}
              onClick={undefined}
>
              Start
</Button>,
          },
          "ref": null,
          "rendered": Object {
            "instance": null,
            "key": undefined,
            "nodeType": "class",
            "props": Object {
              "active": false,
              "block": true,
              "bsClass": "btn",
              "bsSize": "large",
              "bsStyle": "default",
              "children": "Start",
              "disabled": false,
              "onClick": undefined,
            },
            "ref": null,
            "rendered": "Start",
            "type": [Function],
          },
          "type": "div",
        },
        Object {
          "instance": null,
          "key": undefined,
          "nodeType": "host",
          "props": Object {
            "children": "Der die das article rules",
            "href": "http://www.passion4teq.com/articles/der-die-das-genus-regeln/",
            "rel": "noopener noreferrer",
            "target": "_blank",
          },
          "ref": null,
          "rendered": "Der die das article rules",
          "type": "a",
        },
      ],
      "type": "div",
    },
  ],
  Symbol(enzyme.__options__): Object {
    "adapter": ReactSixteenAdapter {
      "options": Object {
        "enableComponentDidUpdateOnSetState": true,
      },
    },
  },
}
`;
